// Jest Snapshot v1, https://goo.gl/fbAQLP

exports[`<PostCodeChecker /> Matches the snapshot 1`] = `
<div
  className="formContainer"
>
  <form
    onSubmit={[MockFunction]}
  >
    <WithStyles(ForwardRef(FormControl))
      className="form"
    >
      <WithStyles(ForwardRef(Typography))
        className="formHeader"
      >
        Find a Post Code
      </WithStyles(ForwardRef(Typography))>
      <WithStyles(ForwardRef(TextField))
        className="textField"
        id="postCode"
        label="Post Code"
        margin="normal"
        onChange={[MockFunction]}
        type="text"
        value=""
      />
      <WithStyles(ForwardRef(TextField))
        className="textField"
        id="suburb"
        label="Suburb"
        margin="normal"
        onChange={[MockFunction]}
        type="text"
        value=""
      />
      <WithStyles(ForwardRef(Select))
        className="dropDown"
        displayEmpty={true}
        id="region"
        onChange={[MockFunction]}
        value=""
      >
        <WithStyles(ForwardRef(MenuItem))
          disabled={true}
          value=""
        >
          <em>
            State
          </em>
        </WithStyles(ForwardRef(MenuItem))>
        <WithStyles(ForwardRef(MenuItem))
          value="NSW"
        >
          NSW
        </WithStyles(ForwardRef(MenuItem))>
        <WithStyles(ForwardRef(MenuItem))
          value="VIC"
        >
          VIC
        </WithStyles(ForwardRef(MenuItem))>
        <WithStyles(ForwardRef(MenuItem))
          value="SA"
        >
          SA
        </WithStyles(ForwardRef(MenuItem))>
        <WithStyles(ForwardRef(MenuItem))
          value="WA"
        >
          WA
        </WithStyles(ForwardRef(MenuItem))>
        <WithStyles(ForwardRef(MenuItem))
          value="NT"
        >
          NT
        </WithStyles(ForwardRef(MenuItem))>
        <WithStyles(ForwardRef(MenuItem))
          value="TAS"
        >
          TAS
        </WithStyles(ForwardRef(MenuItem))>
      </WithStyles(ForwardRef(Select))>
      <WithStyles(ForwardRef(Button))
        className="button"
        color="primary"
        id="submit"
        type="submit"
        value="Submit"
        variant="contained"
      >
        Check Address
      </WithStyles(ForwardRef(Button))>
    </WithStyles(ForwardRef(FormControl))>
  </form>
</div>
`;
